Archive member included because of file (symbol)

c:/devkitPro/libctru/lib\libctru.a(linear.o)
                              3ds_mix.o (linearAlloc)
c:/devkitPro/libctru/lib\libctru.a(mem_pool.o)
                              c:/devkitPro/libctru/lib\libctru.a(linear.o) (MemPool::Allocate(MemChunk&, unsigned long, int))
c:/devkitPro/libctru/lib\libctru.a(console.o)
                              ds_main.o (consoleInit)
c:/devkitPro/libctru/lib\libctru.a(gfx.o)
                              ds_main.o (gfxSet3D)
c:/devkitPro/libctru/lib\libctru.a(initSystem.o)
                              c:/devkitpro/devkitarm/bin/../lib/gcc/arm-none-eabi/4.9.2/../../../../arm-none-eabi/lib/3dsx_crt0.o (__ctru_exit)
c:/devkitPro/libctru/lib\libctru.a(os.o)
                              ds_sys.o (osGetTime)
c:/devkitPro/libctru/lib\libctru.a(srv.o)
                              c:/devkitPro/libctru/lib\libctru.a(initSystem.o) (__destroy_handle_list)
c:/devkitPro/libctru/lib\libctru.a(apt.o)
                              d_main.o (aptWaitStatusEvent)
c:/devkitPro/libctru/lib\libctru.a(csnd.o)
                              3ds_mix.o (CSND_initialize)
c:/devkitPro/libctru/lib\libctru.a(fs.o)
                              file.o (FS_makePath)
c:/devkitPro/libctru/lib\libctru.a(gsp.o)
                              c:/devkitPro/libctru/lib\libctru.a(gfx.o) (gspInit)
c:/devkitPro/libctru/lib\libctru.a(gx.o)
                              c:/devkitPro/libctru/lib\libctru.a(gfx.o) (gxCmdBuf)
c:/devkitPro/libctru/lib\libctru.a(hid.o)
                              d_main.o (hidExit)
c:/devkitPro/libctru/lib\libctru.a(irrst.o)
                              d_main.o (irrstExit)
c:/devkitPro/libctru/lib\libctru.a(rbtree_find.o)
                              c:/devkitPro/libctru/lib\libctru.a(linear.o) (rbtree_find)
c:/devkitPro/libctru/lib\libctru.a(rbtree_init.o)
                              c:/devkitPro/libctru/lib\libctru.a(linear.o) (rbtree_init)
c:/devkitPro/libctru/lib\libctru.a(rbtree_insert.o)
                              c:/devkitPro/libctru/lib\libctru.a(linear.o) (rbtree_insert)
c:/devkitPro/libctru/lib\libctru.a(rbtree_remove.o)
                              c:/devkitPro/libctru/lib\libctru.a(linear.o) (rbtree_remove)
c:/devkitPro/libctru/lib\libctru.a(rbtree_rotate.o)
                              c:/devkitPro/libctru/lib\libctru.a(rbtree_insert.o) (rbtree_rotate)
c:/devkitPro/libctru/lib\libctru.a(svc.o)
                              c:/devkitPro/libctru/lib\libctru.a(initSystem.o) (svcControlMemory)
c:/devkitPro/libctru/lib\libctru.a(default_font.bin.o)
                              c:/devkitPro/libctru/lib\libctru.a(console.o) (default_font_bin)
c:/devkitPro/libctru/lib\libctru.a(rbtree_iterator.o)
                              c:/devkitPro/libctru/lib\libctru.a(rbtree_remove.o) (rbtree_node_next)
c:/devkitpro/devkitarm/bin/../lib/gcc/arm-none-eabi/4.9.2/../../../../arm-none-eabi/lib\libm.a(lib_a-w_atan2.o)
                              r_main.o (atan2)
c:/devkitpro/devkitarm/bin/../lib/gcc/arm-none-eabi/4.9.2/../../../../arm-none-eabi/lib\libm.a(lib_a-w_sqrt.o)
                              p_setup.o (sqrt)
c:/devkitpro/devkitarm/bin/../lib/gcc/arm-none-eabi/4.9.2/../../../../arm-none-eabi/lib\libm.a(lib_a-e_atan2.o)
                              c:/devkitpro/devkitarm/bin/../lib/gcc/arm-none-eabi/4.9.2/../../../../arm-none-eabi/lib\libm.a(lib_a-w_atan2.o) (__ieee754_atan2)
c:/devkitpro/devkitarm/bin/../lib/gcc/arm-none-eabi/4.9.2/../../../../arm-none-eabi/lib\libm.a(lib_a-e_sqrt.o)
                              c:/devkitpro/devkitarm/bin/../lib/gcc/arm-none-eabi/4.9.2/../../../../arm-none-eabi/lib\libm.a(lib_a-w_sqrt.o) (__ieee754_sqrt)
c:/devkitpro/devkitarm/bin/../lib/gcc/arm-none-eabi/4.9.2/../../../../arm-none-eabi/lib\libm.a(lib_a-s_atan.o)
                              c:/devkitpro/devkitarm/bin/../lib/gcc/arm-none-eabi/4.9.2/../../../../arm-none-eabi/lib\libm.a(lib_a-e_atan2.o) (atan)
c:/devkitpro/devkitarm/bin/../lib/gcc/arm-none-eabi/4.9.2/../../../../arm-none-eabi/lib\libm.a(lib_a-s_fabs.o)
                              c:/devkitpro/devkitarm/bin/../lib/gcc/arm-none-eabi/4.9.2/../../../../arm-none-eabi/lib\libm.a(lib_a-e_atan2.o) (fabs)
c:/devkitpro/devkitarm/bin/../lib/gcc/arm-none-eabi/4.9.2/../../../../arm-none-eabi/lib\libm.a(lib_a-s_fpclassify.o)
                              c:/devkitpro/devkitarm/bin/../lib/gcc/arm-none-eabi/4.9.2/../../../../arm-none-eabi/lib\libm.a(lib_a-w_sqrt.o) (__fpclassifyd)
c:/devkitpro/devkitarm/bin/../lib/gcc/arm-none-eabi/4.9.2/../../../../arm-none-eabi/lib\libm.a(lib_a-s_lib_ver.o)
                              c:/devkitpro/devkitarm/bin/../lib/gcc/arm-none-eabi/4.9.2/../../../../arm-none-eabi/lib\libm.a(lib_a-w_sqrt.o) (__fdlib_version)
c:/devkitpro/devkitarm/bin/../lib/gcc/arm-none-eabi/4.9.2/../../../../arm-none-eabi/lib\libm.a(lib_a-s_matherr.o)
[...]
Memory Configuration

Name             Origin             Length             Attributes
*default*        0x00000000         0xffffffff

Linker script and memory map

                0x00100000                . = 0x100000
                0x00100000                __start__ = .

.text           0x00100000    0xb7e28
 *(.crt0)
 .crt0          0x00100000       0x94 c:/devkitpro/devkitarm/bin/../lib/gcc/arm-none-eabi/4.9.2/../../../../arm-none-eabi/lib/3dsx_crt0.o
                0x00100000                _start
                0x00100008                __service_ptr
                0x0010000c                __apt_appid
                0x00100010                __heap_size
                0x00100014                __linear_heap_size
                0x00100018                __system_arglist
                0x0010001c                __system_runflags
 *(.init)
 .init          0x00100094        0xc c:/devkitpro/devkitarm/bin/../lib/gcc/arm-none-eabi/4.9.2/crti.o
                0x00100094                _init
 .init          0x001000a0        0xc c:/devkitpro/devkitarm/bin/../lib/gcc/arm-none-eabi/4.9.2/crtn.o
                0x001000ac                . = ALIGN (0x4)
 *(.text)
 .text          0x001000ac        0x0 c:/devkitpro/devkitarm/bin/../lib/gcc/arm-none-eabi/4.9.2/../../../../arm-none-eabi/lib/3dsx_crt0.o
 .text          0x001000ac        0x0 c:/devkitpro/devkitarm/bin/../lib/gcc/arm-none-eabi/4.9.2/crti.o
 .text          0x001000ac      0x108 c:/devkitpro/devkitarm/bin/../lib/gcc/arm-none-eabi/4.9.2/crtbegin.o
 .text          0x001001b4     0x2658 am_map.o
                0x001009e0                AM_clearMarks
                0x001009f4                AM_Stop
                0x00100a28                AM_Start
                0x00100f14                AM_Responder
                0x00101524                AM_Ticker
                0x001016f4                AM_Drawer
 .text          0x0010280c      0x320 d_client.o
                0x0010280c                D_InitNetGame
                0x00102924                D_BuildNewTiccmds
                0x001029bc                TryRunTics
 .text          0x00102b2c     0x3888 d_deh.o
                0x00102c94                D_BuildBEXTables
                0x00102df8                deh_procStringSub
                0x00103554                dehReformatStr
                0x001035a0                lfstrip
                0x001038f0                ProcessDehFile
                0x00103f50                rstrip
                0x00103fb8                ptr_lstrip
                0x00103ff0                deh_GetData
 .text          0x001063b4        0x0 d_items.o
 .text          0x001063b4     0x33e4 d_main.o
                0x00106a74                D_PostEvent
                0x00106adc                D_Display
                0x00107018                D_PageTicker
                0x00107044                D_AdvanceDemo
                0x00107058                D_DoAdvanceDemo
                0x00107170                D_StartTitle
                0x001071a8                D_AddFile
                0x001072f4                find_wads
                0x0010735c                GetFirstMap
                0x00107528                D_DoomMain
 .text          0x00109798        0x0 doomdef.o
 .text          0x00109798        0x0 doomstat.o
 .text          0x00109798        0x0 dstrings.o
 .text          0x00109798     0x1300 f_finale.o
                0x00109ce4                F_StartFinale
                0x0010a0a4                F_Responder
                0x0010a0ec                F_StartCast
                0x0010a198                F_Ticker
                0x0010a494                F_CastTicker
                0x0010a4b4                F_CastResponder
                0x0010a4e8                F_CastDrawer
                0x0010a6e0                F_Drawer
 .text          0x0010aa98      0x4f8 f_wipe.o
                0x0010aa98                wipe_StartScreen
                0x0010ab50                wipe_EndScreen
                0x0010ac40                wipe_ScreenWipe
 .text          0x0010af90     0x48c8 g_game.o
                0x0010b7d0                G_BuildTiccmd
                0x0010c0d4                G_RestartLevel
                0x0010c0e8                G_Responder
                0x0010c4d8                G_ChangedPlayerColour
                0x0010c4f0                G_PlayerReborn
                0x0010c5b4                G_DeathMatchSpawnPlayer
                0x0010c694                G_DoReborn
                0x0010c764                G_ExitLevel
                0x0010c788                G_SecretExitLevel
                0x0010c7d4                G_DoCompleted
                0x0010cc28                G_WorldDone
                0x0010ccf4                G_DoWorldDone
                0x0010cd4c                G_ForcedLoadGame
                0x0010cd70                G_LoadGame
                0x0010cdfc                CheckSaveGame
                0x0010ce74                G_SaveGameName
                0x0010cebc                G_DeferedInitNew
                0x0010cee8                G_Compatibility
                0x0010cff8                G_ReloadDefaults
                0x0010d358                G_SetFastParms
                0x0010d42c                G_InitNew
                0x0010d5d0                G_DoNewGame
                0x0010d624                G_WriteOptions
                0x0010d830                G_ReadOptions
                0x0010e010                G_RecordDemo
                0x0010e1f8                G_BeginRecording
                0x0010e538                G_DeferedPlayDemo
                0x0010e558                G_DoPlayDemo
                0x0010e604                G_DoLoadGame
                0x0010eab0                G_CheckDemoStatus
                0x0010ec10                G_ReadDemoTiccmd
                0x0010ed0c                G_WriteDemoTiccmd
                0x0010edb0                doom_printf
                0x0010f268                G_SaveGame
                0x0010f2c0                G_Ticker
 .text          0x0010f858      0xf58 hu_lib.o
                0x0010f858                HUlib_clearTextLine
                0x0010f874                HUlib_initTextLine
                0x0010f8a4                HUlib_addCharToTextLine
                0x0010f900                HUlib_drawTextLine
                0x0010fad8                HUlib_eraseTextLine
                0x0010fbd4                HUlib_initSText
                0x0010fc50                HUlib_addMessageToSText
                0x0010fdcc                HUlib_drawSText
                0x0010fe2c                HUlib_eraseSText
                0x0010fe98                HUlib_initMText
                0x0010ff54                HUlib_addMessageToMText
                0x001100c0                HUlib_drawMBg
                0x00110388                HUlib_drawMText
                0x0011046c                HUlib_eraseMText
                0x001105b8                HUlib_initIText
                0x001105fc                HUlib_resetIText
                0x0011061c                HUlib_addPrefixToIText
                0x0011068c                HUlib_keyInIText
                0x00110758                HUlib_drawIText
                0x00110770                HUlib_eraseIText
 .text          0x001107b0     0x2608 hu_stuff.o
                0x001107b0                HU_Init
                0x00110a70                HU_Start
                0x00111204                HU_MoveHud
                0x00111328                HU_Erase
                0x00111374                HU_Drawer
                0x00112584                HU_Ticker
                0x00112838                HU_dequeueChatChar
                0x00112868                HU_Responder
 .text          0x00112db8        0x0 info.o
 .text          0x00112db8      0x2b4 lprintf.o
                0x00112db8                doom_vsnprintf
                0x00112f1c                lprintf
                0x00112fdc                I_Error
                0x0011303c                doom_snprintf
 .text          0x0011306c       0x58 m_argv.o
                0x0011306c                M_CheckParm
 .text          0x001130c4       0x58 m_bbox.o
                0x001130c4                M_ClearBox
                0x001130e0                M_AddToBox
 .text          0x0011311c     0x119c m_cheat.o
                0x00113f48                M_FindCheats
 .text          0x001142b8     0x6190 m_menu.o
                0x001142b8                M_ReadThis
                0x001142e0                M_ReadThis2
                0x0011430c                M_FinishReadThis
                0x00114338                M_FinishHelp
                0x00114364                M_Options
                0x00114390                M_Sound
                0x001143bc                M_ChangeSensitivity
                0x001143e8                M_ChangeMessages
                0x0011444c                M_Setup
                0x00114478                M_KeyBindings
                0x0011451c                M_Weapons
                0x001145c8                M_StatusBar
                0x00114678                M_Automap
                0x00114728                M_Enemy
                0x001147d4                M_General
                0x00114880                M_Compat
                0x0011492c                M_Messages
                0x001149d8                M_ChatStrings
                0x00114a84                M_ExtHelp
                0x00114be4                M_DrawMainMenu
                0x00114c2c                M_DrawEpisode
                0x00114c74                M_DrawNewGame
                0x00114cec                M_DrawExtHelp
                0x00114da4                M_LoadSelect
                0x00114e24                M_SaveSelect
                0x00114ea0                M_QuitDOOM
                0x00114f88                M_SfxVol
                0x00114fc8                M_MusicVol
                0x001150c8                M_SizeDisplay
                0x00115178                M_Trans
                0x001151a0                M_ChangeDemoSmoothTurns
                0x00115578                M_ExtHelpNextScreen
                0x001155d8                M_Episode
                0x001156dc                M_NewGame
                0x00115868                M_ChooseSkill
                0x00115948                M_EndGame
                0x00115be4                M_DrawSaveLoadBorder
                0x00115cb0                M_ForcedLoadGame
                0x00115d20                M_ReadSaveStrings
                0x00115df4                M_LoadGame
                0x00115ea8                M_SaveGame
                0x00115f8c                M_Mouse
                0x00115fc4                M_MouseHoriz
                0x00115fd0                M_MouseVert
                0x00115fdc                M_QuickSave
                0x00116128                M_QuickLoad
                0x0011626c                M_FullScreen
                0x00116280                M_InitExtendedHelp
                0x00116358                M_GetKeyString
                0x00116e9c                M_DrawHelp
                0x00116ed8                M_StartControlPanel
                0x00116ef0                M_ClearMenus
                0x00116f1c                M_SetupNextMenu
                0x00116f3c                M_Ticker
                0x00116f80                M_StartMessage
                0x00116fd8                M_StopMessage
                0x00117004                M_DrawThermo
                0x001171a8                M_DrawOptions
                0x00117264                M_DrawSound
                0x001172f4                M_DrawMouse
                0x00117394                M_DrawEmptyCell
                0x001173f4                M_DrawSelCell
                0x00117454                M_StringWidth
                0x001174c0                M_Responder
                0x001192cc                M_StringHeight
                0x0011930c                M_WriteText
                0x001193f0                M_DrawLoad
                0x00119484                M_DrawSave
                0x00119574                M_Drawer
                0x001198e0                M_DrawTitle
                0x001199b0                M_DrawSetup
                0x001199ec                M_DrawKeybnd
                0x00119a88                M_DrawWeapons
                0x00119b24                M_DrawStatusHUD
                0x00119bc0                M_DrawAutoMap
                0x00119d00                M_DrawEnemy
                0x00119d9c                M_DrawGeneral
                0x00119e38                M_DrawCompat
                0x00119ed4                M_DrawMessages
                0x00119f70                M_DrawChatStrings
                0x0011a00c                M_DrawCredits
                0x0011a094                M_DrawReadThis1
                0x0011a10c                M_DrawReadThis2
                0x0011a17c                M_InitHelpScreen
                0x0011a25c                M_Init
 .text          0x0011a448      0x758 m_misc.o
                0x0011a448                M_WriteFile
                0x0011a4c4                M_ReadFile
                0x0011a55c                M_SaveDefaults
                0x0011a688                M_LookupDefault
                0x0011a70c                M_LoadDefaults
                0x0011aa48                M_DoScreenShot
                0x0011aa68                M_ScreenShot
 .text          0x0011aba0      0x128 m_random.o
                0x0011aba0                P_Random
                0x0011ac78                M_ClearRandom
 .text          0x0011acc8      0xc18 md5.o
                0x0011acc8                MD5Init
                0x0011ad0c                MD5Transform
                0x0011b720                MD5Update
                0x0011b81c                MD5Final
 .text          0x0011b8e0      0x5a8 p_ceilng.o
                0x0011b8e0                P_ActivateInStasisCeiling
                0x0011b95c                EV_CeilingCrushStop
                0x0011b9c4                P_AddActiveCeiling
                0x0011ba10                EV_DoCeiling
                0x0011bbc4                P_RemoveActiveCeiling
                0x0011bc04                T_MoveCeiling
                0x0011be58                P_RemoveAllActiveCeilings
 .text          0x0011be88      0x278 p_checksum.o
                0x0011bebc                checksum_gamestate
                0x0011bfb8                P_RecordChecksum
                0x0011c07c                P_ChecksumFinal
 .text          0x0011c100      0xc94 p_doors.o
                0x0011c100                T_VerticalDoor
                0x0011c5d4                EV_DoDoor
                0x0011c7c4                EV_DoLockedDoor
                0x0011c918                EV_VerticalDoor
                0x0011cc8c                P_SpawnDoorCloseIn30
                0x0011cd00                P_SpawnDoorRaiseIn5Mins
 .text          0x0011cd94     0x4188 p_enemy.o
                0x0011e944                P_NoiseAlert
                0x0011e96c                A_KeenDie
                0x0011ea08                A_Look
                0x0011eb8c                A_FaceTarget
                0x0011ec08                A_Chase
                0x0011f2b0                A_PosAttack
                0x0011f364                A_SPosAttack
                0x0011f428                A_CPosAttack
                0x0011f4dc                A_CPosRefire
                0x0011f58c                A_SpidRefire
                0x0011f630                A_BspiAttack
                0x0011f65c                A_TroopAttack
                0x0011f6d8                A_SargAttack
                0x0011f740                A_HeadAttack
                0x0011f7c0                A_CyberAttack
                0x0011f7ec                A_BruisAttack
                0x0011f864                A_SkelMissile
                0x0011f8d4                A_Tracer
                0x0011fa80                A_SkelWhoosh
                0x0011faa8                A_SkelFist
                0x0011fb24                A_VileChase
                0x0011fd38                A_VileStart
                0x0011fd40                A_Fire
                0x0011fdd4                A_StartFire
                0x0011fdf0                A_FireCrackle
                0x0011fe0c                A_VileTarget
                0x0011fe84                A_VileAttack
                0x0011ff58                A_FatRaise
                0x0011ff74                A_FatAttack1
                0x00120008                A_FatAttack2
                0x0012009c                A_FatAttack3
                0x0012016c                A_SkullAttack
                0x00120414                A_PainAttack
                0x0012043c                A_PainDie
                0x00120480                A_Scream
                0x0012050c                A_XScream
                0x00120514                A_Pain
                0x00120528                A_Fall
                0x00120538                A_Explode
                0x00120544                A_BossDeath
                0x001207ec                A_Hoof
                0x00120808                A_Metal
                0x00120824                A_BabyMetal
                0x00120840                A_OpenShotgun2
                0x0012084c                A_LoadShotgun2
                0x00120858                A_CloseShotgun2
                0x00120880                P_SpawnBrainTargets
                0x00120964                A_BrainAwake
                0x00120970                A_BrainPain
                0x0012097c                A_BrainScream
                0x00120a38                A_BrainExplode
                0x00120ad0                A_BrainDie
                0x00120ad4                A_BrainSpit
                0x00120bc0                A_SpawnSound
                0x00120bf4                A_SpawnFly
                0x00120c10                A_PlayerScream
                0x00120c3c                A_Die
                0x00120c4c                A_Detonate
                0x00120c5c                A_Mushroom
                0x00120d34                A_Spawn
                0x00120d68                A_Turn
                0x00120d98                A_Face
                0x00120dc0                A_Scratch
                0x00120e20                A_PlaySound
                0x00120e38                A_RandomJump
                0x00120e68                A_LineEffect
 .text          0x00120f1c     0x1278 p_floor.o
                0x00120f1c                T_MovePlane
                0x00121178                T_MoveFloor
                0x00121394                T_MoveElevator
                0x001214a8                EV_DoFloor
                0x00121a08                EV_DoChange
                0x00121ab0                EV_BuildStairs
                0x00121e28                EV_DoDonut
                0x00121ff4                EV_DoElevator
 .text          0x00122194     0x14f0 p_genlin.o
                0x00122194                EV_DoGenFloor
                0x0012250c                EV_DoGenCeiling
                0x00122888                EV_DoGenLift
                0x00122b40                EV_DoGenStairs
                0x00122f64                EV_DoGenCrusher
                0x00123114                EV_DoGenLockedDoor
                0x00123314                EV_DoGenDoor
 .text          0x00123684     0x15e4 p_inter.o
                0x0012390c                P_GivePower
                0x001239c0                P_TouchSpecialThing
                0x00124388                P_DamageMobj
 .text          0x00124c68      0x624 p_lights.o
                0x00124c68                T_StrobeFlash
                0x00124cac                T_Glow
                0x00124d24                T_FireFlicker
                0x00124d80                T_LightFlash
                0x00124df4                P_SpawnFireFlicker
                0x00124e64                P_SpawnLightFlash
                0x00124ef0                P_SpawnStrobeFlash
                0x00124f9c                P_SpawnGlowingLight
                0x0012500c                EV_StartLightStrobing
                0x0012506c                EV_TurnTagLightsOff
                0x001250f8                EV_LightTurnOn
                0x001251b8                EV_LightTurnOnPartway
 .text          0x0012528c     0x3468 p_map.o
                0x0012528c                PIT_StompThing
                0x00125728                PTR_AimTraverse
                0x00125a60                PTR_NoWayTraverse
                0x00125ed0                PTR_SlideTraverse
                0x00125fb0                PTR_ShootTraverse
                0x00126800                PTR_UseTraverse
                0x001268c0                PIT_RadiusAttack
                0x001269c0                P_GetFriction
                0x00126adc                P_GetMoveFactor
                0x00126c30                P_TeleportMove
                0x00126e2c                Check_Sides
                0x00126f38                P_CheckPosition
                0x00127190                P_TryMove
                0x001275b8                P_ApplyTorque
                0x001276d4                P_ThingHeightClip
                0x00127780                PIT_ChangeSector
                0x001278ec                P_HitSlideLine
                0x00127be8                P_SlideMove
                0x00127ed8                P_AimLineAttack
                0x00127fa0                P_LineAttack
                0x00128044                P_UseLines
                0x00128110                P_RadiusAttack
                0x001281c4                P_ChangeSector
                0x00128244                P_CheckSector
                0x00128300                P_AddSecnode
                0x001283a8                PIT_GetSectors
                0x0012845c                P_DelSecnode
                0x001284b8                P_DelSeclist
                0x001284d4                P_CreateSecNodeList
                0x001286c0                P_MapStart
                0x001286e0                P_MapEnd
 .text          0x001286f4      0xf64 p_maputl.o
                0x0012896c                P_AproxDistance
                0x00128994                P_PointOnLineSide
                0x00128a48                P_BoxOnLineSide
                0x00128b44                P_InterceptVector2
                0x00128c10                P_InterceptVector
                0x00128ca8                PIT_AddLineIntercepts
                0x00128da8                PIT_AddThingIntercepts
                0x00128e8c                P_LineOpening
                0x00128f40                P_UnsetThingPosition
                0x00128fb4                P_SetThingPosition
                0x001290f0                P_BlockLinesIterator
                0x00129104                P_BlockThingsIterator
                0x0012911c                P_TraverseIntercepts
                0x001291c0                P_PathTraverse
 .text          0x00129658     0x2338 p_mobj.o
                0x0012976c                P_SpawnMobj
                0x00129aec                P_RemoveMobj
                0x00129c40                P_SetMobjState
                0x00129da4                P_ExplodeMissile
                0x00129e24                P_MobjThinker
                0x0012ae20                P_RespawnSpecials
                0x0012af68                P_SpawnPlayer
                0x0012af80                P_IsDoomnumAllowed
                0x0012afc8                P_SpawnMapThing
                0x0012b50c                P_SpawnPuff
                0x0012b598                P_SpawnBlood
                0x0012b63c                P_CheckMissileSpawn
                0x0012b6e0                P_SpawnMissile
                0x0012b810                P_SpawnPlayerMissile
 .text          0x0012b990      0x610 p_plats.o
                0x0012b990                P_ActivateInStasis
                0x0012ba04                EV_StopPlat
                0x0012ba68                P_AddActivePlat
                0x0012bab4                EV_DoPlat
                0x0012bd5c                P_RemoveActivePlat
                0x0012bd9c                T_PlatRaise
                0x0012bf70                P_RemoveAllActivePlats
 .text          0x0012bfa0     0x1218 p_pspr.o
                0x0012c2f8                P_SwitchWeapon
                0x0012c4c4                P_WeaponPreferred
                0x0012c58c                P_GetAmmoLevel
                0x0012c61c                P_CheckAmmo
                0x0012c6e4                P_DropWeapon
                0x0012c704                A_WeaponReady
                0x0012c848                A_ReFire
                0x0012c890                A_CheckReload
                0x0012c8dc                A_Lower
                0x0012c924                A_Raise
                0x0012c960                A_GunFlash
                0x0012c984                A_Punch
                0x0012cacc                A_Saw
                0x0012cc7c                A_FireMissile
                0x0012ccac                A_FireBFG
                0x0012cce8                A_FirePlasma
                0x0012cd38                A_FirePistol
                0x0012cda8                A_FireShotgun
                0x0012ce1c                A_FireShotgun2
                0x0012cf1c                A_FireCGun
                0x0012cffc                A_Light0
                0x0012d008                A_Light1
                0x0012d014                A_Light2
                0x0012d020                A_BFGSpray
                0x0012d120                A_BFGsound
                0x0012d12c                P_SetupPsprites
                0x0012d144                P_MovePsprites
 .text          0x0012d1b8     0x1d90 p_saveg.o
                0x0012d1b8                P_ArchivePlayers
                0x0012d27c                P_UnArchivePlayers
                0x0012d32c                P_ArchiveWorld
                0x0012d4f4                P_UnArchiveWorld
                0x0012d66c                P_ThinkerToIndex
                0x0012d6c4                P_IndexToThinker
                0x0012d700                P_ArchiveThinkers
                0x0012d98c                P_UnArchiveThinkers
                0x0012dd44                P_ArchiveSpecials
                0x0012e60c                P_UnArchiveSpecials
                0x0012ed10                P_ArchiveRNG
                0x0012ed58                P_UnArchiveRNG
                0x0012ed88                P_ArchiveMap
                0x0012ee54                P_UnArchiveMap
 .text          0x0012ef48     0x3264 p_setup.o
                0x0012f3a4                BuildSideSegs
                0x0012f4c4                P_SetupLevel
                0x00132190                P_Init
 .text          0x001321ac      0xbc4 p_sight.o
                0x00132b14                P_CheckSight
 .text          0x00132d70     0x4810 p_spec.o
                0x00132d70                T_Scroll
                0x00133244                T_Friction
                0x00133308                T_Pusher
                0x00133538                P_InitPicAnims
                0x001336d8                getSide
                0x00133718                getSector
                0x0013375c                twoSided
                0x001337cc                getNextSector
                0x0013382c                P_FindLowestFloorSurrounding
                0x001338bc                P_FindHighestFloorSurrounding
                0x00133958                P_FindNextHighestFloor
                0x00133a94                P_FindNextLowestFloor
                0x00133bbc                P_FindNextLowestCeiling
                0x00133ce4                P_FindNextHighestCeiling
                0x00133e0c                P_FindLowestCeilingSurrounding
                0x00133ea4                P_FindHighestCeilingSurrounding
                0x00133f3c                P_FindShortestTextureAround
                0x00134010                P_FindShortestUpperAround
                0x001340e4                P_FindModelFloorSector
                0x001341d0                P_FindModelCeilingSector
                0x001342bc                P_FindSectorFromLineTag
                0x00134360                P_FindLineFromLineTag
                0x00134404                P_FindMinSurroundingLight
                0x00134490                P_CanUnlockGenDoor
                0x001347a0                P_SectorActive
                0x0013481c                P_CheckTag
                0x00134ba4                P_IsSecret
                0x00134bbc                P_WasSecret
                0x00134bd4                P_CrossSpecialLine
                0x00135eec                P_ShootSpecialLine
                0x0013624c                P_PlayerInSpecialSector
                0x001364f4                P_UpdateSpecials
                0x00136774                P_SpawnSpecials
                0x00137540                P_GetPushThing
 .text          0x00137580     0x16e8 p_switch.o
                0x00137580                P_InitSwitchList
                0x001376e4                P_ChangeSwitchTexture
                0x001378ec                P_UseSpecialLine
 .text          0x00138c68      0x77c p_telept.o
                0x00138cf4                EV_Teleport
                0x00138e5c                EV_SilentTeleport
                0x00138fd8                EV_SilentLineTeleport
 .text          0x001393e4      0x360 p_tick.o
                0x001393e4                P_RemoveThinkerDelayed
                0x00139424                P_InitThinkers
                0x00139468                P_UpdateThinker
                0x00139520                P_AddThinker
                0x0013956c                P_RemoveThinker
                0x00139590                P_NextThinker
                0x001395c0                P_SetTarget
                0x001395ec                P_Ticker
 .text          0x00139744      0x8f0 p_user.o
                0x00139744                P_Thrust
                0x00139798                P_CalcHeight
                0x001399d8                P_MovePlayer
                0x00139bfc                P_DeathThink
                0x00139d0c                P_PlayerThink
 .text          0x0013a034      0xa7c r_bsp.o
                0x0013a034                R_ClearDrawSegs
                0x0013a050                R_ClearClipSegs
                0x0013a06c                R_FakeFlat
                0x0013a2f0                R_RenderBSPNode
 .text          0x0013aab0     0x122c r_data.o
                0x0013ab20                R_GetTextureColumn
                0x0013ab50                R_ColormapNumForName
                0x0013ab98                R_ColourMap
                0x0013ac50                R_InitTranMap
                0x0013b118                R_InitData
                0x0013b864                R_FlatNumForName
                0x0013b8ac                R_CheckTextureNumForName
                0x0013b8c4                R_TextureNumForName
                0x0013b90c                R_SafeTextureNumForName
                0x0013b958                R_PrecacheLevel
                0x0013bc90                R_SetPatchNum
 .text          0x0013bcdc      0x184 r_demo.o
                0x0013bcdc                R_SmoothPlaying_Reset
                0x0013bd84                R_SmoothPlaying_Add
                0x0013be1c                R_SmoothPlaying_Get
                0x0013be48                R_ResetAfterTeleport
 .text          0x0013be60    0x3b5b4 r_draw.o
                0x0014af8c                R_ResetColumnBuffer
                0x0014afe0                R_GetDrawColumnFunc
                0x00174df0                R_SetDefaultDrawColumnVars
                0x00174e58                R_InitTranslationTables
                0x00174fcc                R_GetDrawSpanFunc
                0x00176d50                R_DrawSpan
                0x00176d7c                R_InitBuffer
                0x00176eec                R_FillBackScreen
                0x00177248                R_VideoErase
                0x001772b4                R_DrawViewBorder
 .text          0x00177414      0x204 r_filter.o
                0x00177414                R_FilterInit
                0x00177584                filter_getScale2xQuadColors
 .text          0x00177618      0xa30 r_fps.o
                0x001779e4                R_InitInterpolation
                0x00177a1c                R_InterpolateView
                0x00177bb0                R_ResetViewInterpolation
                0x00177bc4                R_UpdateInterpolations
                0x00177c00                R_StopAllInterpolations
                0x00177c30                R_DoInterpolations
                0x00177d78                R_RestoreInterpolations
                0x00177e98                R_ActivateSectorInterpolations
                0x00177f48                R_ActivateThinkerInterpolations
                0x00177fc8                R_StopInterpolationIfNeeded
 .text          0x00178048     0x10d4 r_main.o
                0x00178048                R_PointOnSide
                0x00178108                R_PointOnSegSide
                0x001781c8                R_PointToAngle
                0x001783b0                R_PointToAngle2
                0x001784ec                R_SetViewSize
                0x0017850c                R_ExecuteSetViewSize
                0x00178a48                R_Init
                0x00178bbc                R_PointInSubsector
                0x00178c3c                R_RenderPlayerView_
                0x00178d5c                R_RenderPlayerView
 .text          0x0017911c     0x1494 r_patch.o
                0x001791e0                R_InitPatches
                0x00179278                R_FlushAllPatches
                0x0017936c                R_CachePatchNum
                0x00179a3c                R_UnlockPatchNum
                0x00179ad4                R_NumPatchWidth
                0x00179af4                R_NumPatchHeight
                0x00179b14                R_CacheTextureCompositePatchNum
                0x0017a464                R_UnlockTextureCompositePatchNum
                0x0017a4fc                R_GetPatchColumnWrapped
                0x0017a530                R_GetPatchColumnClamped
                0x0017a550                R_GetPatchColumn
 .text          0x0017a5b0      0xb7c r_plane.o
                0x0017a7fc                R_InitPlanes
                0x0017a800                R_ClearPlanes
                0x0017a994                R_DupPlane
                0x0017aa08                R_FindPlane
                0x0017ab10                R_CheckPlane
                0x0017ab8c                R_DrawPlanes
 .text          0x0017b12c     0x1814 r_segs.o
                0x0017b214                R_RenderMaskedSegRange
                0x0017b6c4                R_StoreWallRange
 .text          0x0017c940       0x14 r_sky.o
                0x0017c940                R_InitSkyMap
 .text          0x0017c954     0x19c4 r_things.o
                0x0017cb94                R_InitSprites
                0x0017cf50                R_ClearSprites
                0x0017cf64                R_DrawMaskedColumn
                0x0017d7f0                R_AddSprites
                0x0017df3c                R_DrawPlayerSprites
                0x0017e1e4                R_SortVisSprites
                0x0017e27c                R_DrawMasked
 .text          0x0017e318        0x0 sounds.o
 .text          0x0017e318      0x598 st_lib.o
                0x0017e558                STlib_init
                0x0017e55c                STlib_initNum
                0x0017e58c                STlib_updateNum
                0x0017e5a0                STlib_initPercent
                0x0017e5d8                STlib_updatePercent
                0x0017e6a4                STlib_initMultIcon
                0x0017e6cc                STlib_updateMultIcon
                0x0017e7c4                STlib_initBinIcon
                0x0017e7ec                STlib_updateBinIcon
 .text          0x0017e8b0     0x1278 st_stuff.o
                0x0017eb50                ST_Responder
                0x0017ebc4                ST_Ticker
                0x0017f204                ST_Drawer
                0x0017f4c0                ST_Start
                0x0017f894                ST_Init
 .text          0x0017fb28      0x1f4 tables.o
                0x0017fb28                SlopeDiv
                0x0017fb54                R_LoadTrigTables
 .text          0x0017fd1c     0x1f08 v_video.o
                0x00181108                V_InitColorTranslation
                0x0018113c                V_Init
                0x00181178                V_UpdateTrueColorPalette
                0x001818ac                V_DestroyUnusedTrueColorPalettes
                0x00181944                V_SetPalette
                0x0018199c                V_InitMode
                0x00181af0                V_GetMode
                0x00181b00                V_GetModePixelDepth
                0x00181b18                V_GetNumPixelBits
                0x00181b40                V_GetPixelDepth
                0x00181b64                V_AllocScreen
                0x00181b74                V_AllocScreens
                0x00181bb8                V_FreeScreen
                0x00181bdc                V_FreeScreens
 .text          0x00181c24        0x0 version.o
 .text          0x00181c24      0x1b8 w_memcache.o
                0x00181c24                W_InitCache
                0x00181c68                W_DoneCache
                0x00181c6c                W_CacheLumpNum
                0x00181d30                W_LockLumpNum
                0x00181d34                W_UnlockLumpNum
                0x00181dc8                W_LumpIsCached
 .text          0x00181ddc      0xb38 w_wad.o
                0x00182050                ExtractFileBase
                0x00182158                AddDefaultExtension
                0x001821cc                W_LumpNameHash
                0x00182314                W_FindNumFromName
                0x001823cc                W_HashLumps
                0x00182450                W_GetNumForName
                0x00182490                W_ListNumFromName
                0x001824d4                W_Init
                0x0018283c                W_ReleaseAllWads
                0x0018287c                W_LumpLength
                0x001828c4                W_ReadLump
 .text          0x00182914     0x2ae0 wi_stuff.o
                0x00182ea0                WI_levelNameLump
                0x00182eec                WI_Responder
                0x00182ef4                WI_drawLF
                0x00183004                WI_drawEL
                0x00183100                WI_drawOnLnode
                0x0018325c                WI_initAnimatedBack
                0x00183364                WI_updateAnimatedBack
                0x001834dc                WI_drawAnimatedBack
                0x001835b0                WI_End
                0x00183608                WI_initNoState
                0x00183634                WI_updateNoState
                0x00183660                WI_initShowNextLoc
                0x001836cc                WI_updateShowNextLoc
                0x00183738                WI_drawShowNextLoc
                0x00183834                WI_drawNoState
                0x00183848                WI_fragSum
                0x001838a8                WI_initDeathmatchStats
                0x00183960                WI_updateDeathmatchStats
                0x00183be0                WI_drawDeathmatchStats
                0x00183edc                WI_initNetgameStats
                0x00183fb4                WI_updateNetgameStats
                0x00184430                WI_drawNetgameStats
                0x00184868                WI_initStats
                0x00184900                WI_updateStats
                0x00184e80                WI_drawStats
                0x00184fdc                WI_checkForAccelerate
                0x00185064                WI_Ticker
                0x00185120                WI_loadData
                0x001852c0                WI_Drawer
                0x00185324                WI_initVariables
                0x001853a8                WI_Start
 .text          0x001853f4      0x168 z_bmalloc.o
                0x001853f4                Z_BMalloc
                0x001854b0                Z_BFree
 .text          0x0018555c      0x34c z_zone.o
                0x0018555c                Z_DumpHistory
                0x00185560                Z_Close
                0x00185564                Z_Init
                0x00185568                Z_Free
                0x001855ec                Z_FreeTags
                0x0018565c                Z_Malloc
                0x00185734                Z_ChangeTag
                0x001857e0                Z_Realloc
                0x0018583c                Z_Calloc
                0x00185874                Z_Strdup
                0x001858a4                Z_CheckHeap
 .text          0x001858a8       0x1c ds_main.o
                0x001858a8                drawFrame
                0x001858b8                keyboardStart
                0x001858bc                keyboardEnd
                0x001858c0                switchConsole
 .text          0x001858c4        0x0 ds_render.o
 .text          0x001858c4      0x620 ds_sys.o
                0x001858dc                I_GetTime_RealTime
                0x00185998                GetTicks
                0x001859a4                Pause
                0x001859c4                I_StartDisplay
                0x001859fc                I_EndDisplay
                0x00185a24                I_Read
                0x00185a38                I_Filelength
                0x00185a84                HasTrailingSlash
                0x00185aa8                I_uSleep
                0x00185abc                I_GetRandomTimeSeed
                0x00185ac8                I_GetTimeFrac
                0x00185b28                I_GetTime_SaveMS
                0x00185b84                I_DoomExeDir
                0x00185bec                I_FindFile
                0x00185e5c                I_InitSound
                0x00185e60                I_Init
                0x00185ee0                I_SafeExit
 .text          0x00185ee4        0x0 ds_textures.o
 .text          0x00185ee4      0xb3c ds_vid.o
                0x00185ee4                I_ShutdownGraphics
                0x00185ee8                DS_Controls
                0x00186468                I_StartTic
                0x00186480                I_StartFrame
                0x00186484                I_ScreenShot
                0x00186488                I_SetPalette
                0x00186498                I_CalculateRes
                0x001864c0                I_SetRes
                0x001865e4                I_GetModeFromString
                0x001866d0                I_UpdateVideoMode
                0x00186780                I_UpdateNoBlit
                0x00186784                copy_screen
                0x00186824                I_FinishUpdate
                0x001869b8                I_InitGraphics
 .text          0x00186a20        0x0 ds_vram.o
 .text          0x00186a20        0x0 geometry.o
 .text          0x00186a20       0x10 musplay.o
                0x00186a20                mus_init_music
                0x00186a24                mus_play_music
                0x00186a28                mus_stop_music
                0x00186a2c                mus_update_volume
 .text          0x00186a30        0x0 polylib.o
 .text          0x00186a30     0x1038 3ds_mix.o
                0x00186a30                sound_time
                0x00186a50                mix_start
                0x00186ac4                MIX_InitScaletable
                0x00186b08                mix_stop
                0x00186b0c                MIX_init
                0x00186c00                MIX_TransferPaintBuffer
                0x00186cb8                MIX_PaintChannelFrom8
                0x00186d98                MIX_PaintChannels
                0x00186f54                MIX_SamplePos
                0x0018704c                MIX_UpdateTime
                0x00187064                MIX_Update_
                0x0018707c                S_AdjustSoundParams
                0x001871e4                S_StopChannel
                0x00187248                S_StopSound
                0x001872cc                MIX_UpdateSounds
                0x001873f8                S_GetSfxLumpNum
                0x00187424                I_StartSound
                0x0018757c                S_StartSoundAtVolume
                0x001879e0                S_StartSound
                0x001879f0                S_Stop
 .text          0x00187a68      0x298 3ds_sound.o
                0x00187a68                S_PauseSound
                0x00187a6c                S_ResumeSound
                0x00187a70                S_SetSfxVolume
                0x00187a84                S_StopMusic
                0x00187b90                S_StartMusic
                0x00187bbc                S_ChangeMusic
                0x00187be8                S_SetMusicVolume
                0x00187c48                S_Start
                0x00187cf8                S_UpdateSounds
                0x00187cfc                S_Init
 .text          0x00187d00        0x0 console.o
 .text          0x00187d00      0x994 file.o
                0x00187d00                _FAT_open_r
                0x00187e5c                _FAT_close_r
                0x00187eb4                _FAT_write_r
                0x00187ed8                _FAT_fstat_r
                0x00187ef0                _FAT_link_r
                0x00187f14                _FAT_unlink_r
                0x00187f38                _FAT_rename_r
                0x00187f5c                _FAT_mkdir_r
                0x00187f80                _FAT_dirreset_r
                0x00187fa4                _FAT_statvfs_r
                0x00187fc8                _FAT_ftruncate_r
                0x00187fec                _FAT_fsync_r
                0x00188010                _FAT_read_r
                0x001880bc                _FAT_seek_r
                0x00188180                _FAT_stat_r
                0x001882a4                _FAT_chdir_r
                0x00188348                _FAT_diropen_r
                0x00188464                _FAT_dirnext_r
                0x00188514                _FAT_dirclose_r
                0x00188544                SD_init
 .text          0x00188694      0x1d4 c:/devkitPro/libctru/lib\libctru.a(linear.o)
                0x001886bc                linearMemAlign
                0x001887fc                linearAlloc
                0x00188804                linearRealloc
                0x0018880c                linearFree
                0x0018885c                linearSpaceFree
 .text          0x00188868      0x2f8 c:/devkitPro/libctru/lib\libctru.a(mem_pool.o)
                0x00188868                MemPool::CoalesceRight(MemBlock*)
                0x0018890c                MemPool::Allocate(MemChunk&, unsigned long, int)
                0x00188a30                MemPool::Deallocate(MemChunk const&)
                0x00188b30                MemPool::GetFreeSpace()
 .text          0x00188b60     0x103c c:/devkitPro/libctru/lib\libctru.a(console.o)
                0x00188b60                debug_write
                0x00188b7c                consoleGetDefault
                0x00188b88                consoleDebugInit
                0x00188c08                consoleSelect
                0x00188c20                consoleSetFont
                0x00188c3c                consoleDrawChar
                0x00188de8                consolePrintChar
                0x00189080                consoleInit
                0x00189354                con_write
                0x00189b58                consoleClear
                0x00189b64                consoleSetWindow
 .text          0x00189b9c      0x618 c:/devkitPro/libctru/lib\libctru.a(gfx.o)
                0x00189c28                gfxSet3D
                0x00189c38                gfxSetScreenFormat
                0x00189c50                gfxGetScreenFormat
                0x00189c68                gfxSetDoubleBuffering
                0x00189c7c                gfxSetFramebufferInfo
                0x00189cec                gfxWriteFramebufferInfo
                0x00189db0                gfxInit
                0x00189f04                gfxExit
                0x00189f9c                gfxGetFramebuffer
                0x0018a04c                gfxFlushBuffers
                0x0018a0e4                gfxSwapBuffers
                0x0018a158                gfxSwapBuffersGpu
 .text          0x0018a1b4      0x258 c:/devkitPro/libctru/lib\libctru.a(initSystem.o)
                0x0018a1b4                __ctru_exit
                0x0018a248                initSystem
 *fill*         0x0018a40c        0x4 
 .text          0x0018a410      0x170 c:/devkitPro/libctru/lib\libctru.a(os.o)
                0x0018a410                osConvertVirtToPhys
                0x0018a45c                osConvertOldLINEARMemToNew
                0x0018a47c                osGetTime
                0x0018a534                osGetFirmVersion
                0x0018a548                osGetKernelVersion
                0x0018a55c                osStrError
 .text          0x0018a580      0x2f0 c:/devkitPro/libctru/lib\libctru.a(srv.o)
                0x0018a580                __get_handle_from_list
                0x0018a618                __destroy_handle_list
                0x0018a66c                srvExit
                0x0018a694                srvRegisterClient
                0x0018a6cc                srvInit
                0x0018a720                srvGetServiceHandle
                0x0018a7a0                srvPmInit
                0x0018a7f4                srvRegisterProcess
                0x0018a83c                srvUnregisterProcess
 .text          0x0018a870     0x183c c:/devkitPro/libctru/lib\libctru.a(apt.o)
                0x0018a8d4                aptInitCaptureInfo
                0x0018a988                aptWaitStatusEvent
                0x0018a9b0                aptGetStatus
                0x0018a9e8                aptSetStatus
                0x0018aa4c                aptGetStatusPower
                0x0018aa84                aptSetStatusPower
                0x0018aabc                aptOpenSession
                0x0018aae0                aptCloseSession
                0x0018ab08                aptSignalReadyForSleep
                0x0018ab18                APT_GetLockHandle
                0x0018ab68                APT_Initialize
                0x0018abd0                APT_HardwareResetAsync
                0x0018ac04                APT_Enable
                0x0018ac40                APT_GetAppletManInfo
                0x0018acc0                aptGetMenuAppID
                0x0018acfc                APT_IsRegistered
                0x0018ad4c                APT_InquireNotification
                0x0018ad9c                APT_PrepareToJumpToHomeMenu
                0x0018add0                APT_JumpToHomeMenu
                0x0018ae20                APT_NotifyToWait
                0x0018ae5c                APT_AppletUtility
                0x0018aee4                aptAppletUtility_Exit_RetToApp
                0x0018b004                aptAppletClosed
                0x0018b124                aptInit
                0x0018b264                APT_GlanceParameter
                0x0018b2d8                APT_ReceiveParameter
                0x0018b34c                APT_SendParameter
                0x0018b3bc                APT_SendCaptureBufferInfo
                0x0018b408                aptReturnToMenu
                0x0018b5c8                APT_ReplySleepQuery
                0x0018b608                APT_ReplySleepNotificationComplete
                0x0018b644                aptEventHandler
                0x0018b910                APT_PrepareToCloseApplication
                0x0018b94c                APT_CloseApplication
                0x0018b9a4                aptExit
                0x0018ba74                APT_SetAppCpuTimeLimit
                0x0018bab8                APT_GetAppCpuTimeLimit
                0x0018bb0c                APT_CheckNew3DS_Application
                0x0018bb5c                APT_CheckNew3DS_System
                0x0018bbac                APT_CheckNew3DS
                0x0018bc28                APT_PrepareToDoAppJump
                0x0018bc74                APT_DoAppJump
                0x0018bcdc                APT_PrepareToStartLibraryApplet
                0x0018bd18                APT_StartLibraryApplet
                0x0018bd78                aptAppletStarted
                0x0018be7c                aptMainLoop
                0x0018bef4                APT_LaunchLibraryApplet
 .text          0x0018c0ac      0x6fc c:/devkitPro/libctru/lib\libctru.a(csnd.o)
                0x0018c0ac                CSND_cmd1
                0x0018c114                CSND_cmd2
                0x0018c140                CSND_cmd5
                0x0018c178                CSND_initialize
                0x0018c234                CSND_shutdown
                0x0018c26c                CSND_cmd3
                0x0018c2a0                CSND_writesharedmem_cmdtype0
                0x0018c384                CSND_processtype0cmds
                0x0018c3b8                CSND_convertsamplerate
                0x0018c3d8                CSND_sharedmemtype0_cmd0
                0x0018c414                CSND_setchannel_playbackstate
                0x0018c450                CSND_sharedmemtype0_cmd3
                0x0018c48c                CSND_sharedmemtype0_cmd9
                0x0018c4c8                CSND_sharedmemtype0_cmd8
                0x0018c51c                CSND_sharedmemtype0_cmde
                0x0018c5d0                CSND_sharedmemtype0_cmdupdatestate
                0x0018c648                CSND_playsound
                0x0018c71c                CSND_getchannelstate
                0x0018c780                CSND_getchannelstate_isplaying
 .text          0x0018c7a8      0xb3c c:/devkitPro/libctru/lib\libctru.a(fs.o)
                0x0018c7a8                FS_makePath
                0x0018c7d4                fsExit
                0x0018c7e4                FSUSER_Initialize
                0x0018c854                fsInit
                0x0018c894                FSUSER_OpenFile
                0x0018c940                FSUSER_OpenFileDirectly
                0x0018ca0c                FSUSER_DeleteFile
                0x0018ca94                FSUSER_RenameFile
                0x0018cb58                FSUSER_DeleteDirectory
                0x0018cbe0                FSUSER_DeleteDirectoryRecursively
                0x0018cbe8                FSUSER_CreateFile
                0x0018cc80                FSUSER_CreateDirectory
                0x0018cd0c                FSUSER_RenameDirectory
                0x0018cdd0                FSUSER_OpenDirectory
                0x0018ce64                FSUSER_OpenArchive
                0x0018ceec                FSUSER_CloseArchive
                0x0018cf44                FSUSER_GetSdmcArchiveResource
                0x0018cfc0                FSUSER_IsSdmcDetected
                0x0018d00c                FSUSER_IsSdmcWritable
                0x0018d058                FSFILE_Close
                0x0018d09c                FSFILE_Read
                0x0018d0f8                FSFILE_Write
                0x0018d15c                FSFILE_GetSize
                0x0018d19c                FSFILE_SetSize
                0x0018d1c8                FSFILE_GetAttributes
                0x0018d200                FSFILE_SetAttributes
                0x0018d228                FSFILE_Flush
                0x0018d24c                FSDIR_Read
                0x0018d2a0                FSDIR_Close
 .text          0x0018d2e4      0x8c8 c:/devkitPro/libctru/lib\libctru.a(gsp.o)
                0x0018d3f0                gspInit
                0x0018d404                gspExit
                0x0018d41c                gspInitEventHandler
                0x0018d4e8                gspExitEventHandler
                0x0018d540                gspWaitForEvent
                0x0018d598                GSPGPU_WriteHWRegs
                0x0018d608                GSPGPU_WriteHWRegsWithMask
                0x0018d694                GSPGPU_ReadHWRegs
                0x0018d704                GSPGPU_SetBufferSwap
                0x0018d778                GSPGPU_FlushDataCache
                0x0018d7cc                GSPGPU_InvalidateDataCache
                0x0018d820                GSPGPU_SetLcdForceBlack
                0x0018d85c                GSPGPU_TriggerCmdReqQueue
                0x0018d890                GSPGPU_RegisterInterruptRelayQueue
                0x0018d8fc                GSPGPU_UnregisterInterruptRelayQueue
                0x0018d930                GSPGPU_AcquireRight
                0x0018d980                GSPGPU_ReleaseRight
                0x0018d9b4                GSPGPU_ImportDisplayCaptureInfo
                0x0018da38                GSPGPU_SaveVramSysArea
                0x0018da6c                GSPGPU_RestoreVramSysArea
                0x0018daa0                GSPGPU_SubmitGxCommand
 .text          0x0018dbac      0x264 c:/devkitPro/libctru/lib\libctru.a(gx.o)
                0x0018dbac                GX_RequestDma
                0x0018dc00                GX_SetCommandList_Last
                0x0018dc68                GX_SetMemoryFill
                0x0018dcdc                GX_SetDisplayTransfer
                0x0018dd40                GX_SetTextureCopy
                0x0018dda8                GX_SetCommandList_First
 .text          0x0018de10      0x6a4 c:/devkitPro/libctru/lib\libctru.a(hid.o)
                0x0018de10                hidExit
                0x0018de94                hidWaitForEvent
                0x0018deec                hidCheckSectionUpdateTime
                0x0018df28                hidScanInput
                0x0018e15c                hidKeysHeld
                0x0018e16c                hidKeysDown
                0x0018e17c                hidKeysUp
                0x0018e18c                hidTouchRead
                0x0018e1a4                hidCircleRead
                0x0018e1bc                hidAccelRead
                0x0018e1dc                hidGyroRead
                0x0018e1fc                HIDUSER_GetHandles
                0x0018e28c                hidInit
                0x0018e390                HIDUSER_EnableAccelerometer
                0x0018e3bc                HIDUSER_DisableAccelerometer
                0x0018e3e8                HIDUSER_EnableGyroscope
                0x0018e414                HIDUSER_DisableGyroscope
                0x0018e440                HIDUSER_GetGyroscopeRawToDpsCoefficient
                0x0018e47c                HIDUSER_GetSoundVolume
 .text          0x0018e4b4      0x350 c:/devkitPro/libctru/lib\libctru.a(irrst.o)
                0x0018e4b4                irrstExit
                0x0018e51c                irrstWaitForEvent
                0x0018e568                irrstCheckSectionUpdateTime
                0x0018e5a4                irrstScanInput
                0x0018e658                irrstKeysHeld
                0x0018e670                irrstCstickRead
                0x0018e688                IRRST_GetHandles
                0x0018e6d8                irrstInit
                0x0018e7a0                IRRST_Initialize
                0x0018e7d8                IRRST_Shutdown
 .text          0x0018e804       0x70 c:/devkitPro/libctru/lib\libctru.a(rbtree_find.o)
                0x0018e804                rbtree_find
 .text          0x0018e874       0x14 c:/devkitPro/libctru/lib\libctru.a(rbtree_init.o)
                0x0018e874                rbtree_init
 .text          0x0018e888      0x1f4 c:/devkitPro/libctru/lib\libctru.a(rbtree_insert.o)
                0x0018ea6c                rbtree_insert
                0x0018ea74                rbtree_insert_multi
 .text          0x0018ea7c      0x340 c:/devkitPro/libctru/lib\libctru.a(rbtree_remove.o)
                0x0018ea7c                rbtree_remove
 .text          0x0018edbc       0xac c:/devkitPro/libctru/lib\libctru.a(rbtree_rotate.o)
                0x0018edbc                rbtree_rotate
 *fill*         0x0018ee68        0x8 
 .text          0x0018ee70      0x250 c:/devkitPro/libctru/lib\libctru.a(svc.o)
                0x0018ee70                svcControlMemory
                0x0018ee90                svcQueryMemory
                0x0018eec0                svcExitProcess
                0x0018eec8                svcCreateThread
                0x0018eee8                svcExitThread
                0x0018eef0                svcSleepThread
                0x0018eef8                svcSetThreadPriority
                0x0018ef00                svcCreateMutex
                0x0018ef14                svcReleaseMutex
                0x0018ef1c                svcCreateEvent
                0x0018ef30                svcSignalEvent
                0x0018ef38                svcClearEvent
                0x0018ef40                svcCreateTimer
                0x0018ef54                svcSetTimer
                0x0018ef5c                svcCancelTimer
                0x0018ef64                svcClearTimer
                0x0018ef6c                svcCreateMemoryBlock
                0x0018ef84                svcMapMemoryBlock
                0x0018ef8c                svcUnmapMemoryBlock
                0x0018ef94                svcCreateAddressArbiter
                0x0018ef9c                svcArbitrateAddress
                0x0018efbc                svcCloseHandle
                0x0018efc4                svcWaitSynchronization
                0x0018efcc                svcWaitSynchronizationN
                0x0018eff4                svcDuplicateHandle
                0x0018f008                svcGetSystemTick
                0x0018f010                svcGetSystemInfo
                0x0018f030                svcGetProcessInfo
                0x0018f04c                svcConnectToPort
                0x0018f060                svcSendSyncRequest
                0x0018f068                svcGetProcessId
                0x0018f07c                svcOutputDebugString
                0x0018f084                svcCreateSemaphore
                0x0018f098                svcReleaseSemaphore
                0x0018f0ac                svcGetThreadId
 .text          0x0018f0c0        0x0 c:/devkitPro/libctru/lib\libctru.a(default_font.bin.o)
 .text          0x0018f0c0      0x118 c:/devkitPro/libctru/lib\libctru.a(rbtree_iterator.o)
                0x0018f0c0                rbtree_node_next
                0x0018f14c                rbtree_node_prev
 .text          0x0018f1d8       0x10 c:/devkitpro/devkitarm/bin/../lib/gcc/arm-none-eabi/4.9.2/../../../../arm-none-eabi/lib\libm.a(lib_a-w_atan2.o)
                0x0018f1d8                atan2
 .text          0x0018f1e8      0x13c c:/devkitpro/devkitarm/bin/../lib/gcc/arm-none-eabi/4.9.2/../../../../arm-none-eabi/lib\libm.a(lib_a-w_sqrt.o)
                0x0018f1e8                sqrt
 *fill*         0x0018f324        0x4 
 .text          0x0018f328      0x288 c:/devkitpro/devkitarm/bin/../lib/gcc/arm-none-eabi/4.9.2/../../../../arm-none-eabi/lib\libm.a(lib_a-e_atan2.o)
                0x0018f328                __ieee754_atan2
 .text          0x0018f5b0      0x220 c:/devkitpro/devkitarm/bin/../lib/gcc/arm-none-eabi/4.9.2/../../../../arm-none-eabi/lib\libm.a(lib_a-e_sqrt.o)
                0x0018f5b0                __ieee754_sqrt
 .text          0x0018f7d0      0x490 c:/devkitpro/devkitarm/bin/../lib/gcc/arm-none-eabi/4.9.2/../../../../arm-none-eabi/lib\libm.a(lib_a-s_atan.o)
                0x0018f7d0                atan
 .text          0x0018fc60        0x8 c:/devkitpro/devkitarm/bin/../lib/gcc/arm-none-eabi/4.9.2/../../../../arm-none-eabi/lib\libm.a(lib_a-s_fabs.o)
                0x0018fc60                fabs
 .text          0x0018fc68       0x6c c:/devkitpro/devkitarm/bin/../lib/gcc/arm-none-eabi/4.9.2/../../../../arm-none-eabi/lib\libm.a(lib_a-s_fpclassify.o)
                0x0018fc68                __fpclassifyd
 .text          0x0018fcd4        0x0 c:/devkitpro/devkitarm/bin/../lib/gcc/arm-none-eabi/4.9.2/../../../../arm-none-eabi/lib\libm.a(lib_a-s_lib_ver.o)
 .text          0x0018fcd4        0x8 c:/devkitpro/devkitarm/bin/../lib/gcc/arm-none-eabi/4.9.2/../../../../arm-none-eabi/lib\libm.a(lib_a-s_matherr.o)
                0x0018fcd4                matherr
 .text          0x0018fcdc      0x114 c:/devkitpro/devkitarm/bin/../lib/gcc/arm-none-eabi/4.9.2\libgcc.a(_udivsi3.o)
                0x0018fcdc                __aeabi_uidiv
                0x0018fcdc                __udivsi3
                0x0018fdd0                __aeabi_uidivmod
 .text          0x0018fdf0      0x148 c:/devkitpro/devkitarm/bin/../lib/gcc/arm-none-eabi/4.9.2\libgcc.a(_divsi3.o)
                0x0018fdf0                __divsi3
                0x0018fdf0                __aeabi_idiv
                0x0018ff18                __aeabi_idivmod
 .text          0x0018ff38        0x4 c:/devkitpro/devkitarm/bin/../lib/gcc/arm-none-eabi/4.9.2\libgcc.a(_dvmd_tls.o)
                0x0018ff38                __aeabi_idiv0
                0x0018ff38                __aeabi_ldiv0
 .text          0x0018ff3c      0x41c c:/devkitpro/devkitarm/bin/../lib/gcc/arm-none-eabi/4.9.2\libgcc.a(_arm_addsubdf3.o)
                0x0018ff3c                __aeabi_drsub
                0x0018ff44                __aeabi_dsub
                0x0018ff44                __subdf3
                0x0018ff48                __aeabi_dadd
                0x0018ff48                __adddf3
                0x00190258                __floatunsidf
                0x00190258                __aeabi_ui2d
                0x0019027c                __floatsidf
                0x0019027c                __aeabi_i2d
                0x001902a4                __aeabi_f2d
                0x001902a4                __extendsfdf2
                0x001902e4                __floatundidf
                0x001902e4                __aeabi_ul2d
                0x001902f8                __floatdidf
                0x001902f8                __aeabi_l2d
 .text          0x00190358      0x49c c:/devkitpro/devkitarm/bin/../lib/gcc/arm-none-eabi/4.9.2\libgcc.a(_arm_muldivdf3.o)
                0x00190358                __aeabi_dmul
                0x00190358                __muldf3
                0x001905e8                __divdf3
                0x001905e8                __aeabi_ddiv
 .text          0x001907f4      0x144 c:/devkitpro/devkitarm/bin/../lib/gcc/arm-none-eabi/4.9.2\libgcc.a(_arm_cmpdf2.o)
                0x001907f4                __gtdf2
                0x001907f4                __gedf2
                0x001907fc                __ltdf2
                0x001907fc                __ledf2
                0x00190804                __nedf2
                0x00190804                __eqdf2
                0x00190804                __cmpdf2
                0x0019088c                __aeabi_cdrcmple
                0x001908a8                __aeabi_cdcmpeq
                0x001908a8                __aeabi_cdcmple
                0x001908c0                __aeabi_dcmpeq
                0x001908d8                __aeabi_dcmplt
                0x001908f0                __aeabi_dcmple
                0x00190908                __aeabi_dcmpge
                0x00190920                __aeabi_dcmpgt
 .text          0x00190938       0x5c c:/devkitpro/devkitarm/bin/../lib/gcc/arm-none-eabi/4.9.2\libgcc.a(_arm_fixdfsi.o)
                0x00190938                __aeabi_d2iz
                0x00190938                __fixdfsi
 .text          0x00190994       0xa0 c:/devkitpro/devkitarm/bin/../lib/gcc/arm-none-eabi/4.9.2\libgcc.a(_arm_truncdfsf2.o)
                0x00190994                __truncdfsf2
                0x00190994                __aeabi_d2f
 .text          0x00190a34      0x2ac c:/devkitpro/devkitarm/bin/../lib/gcc/arm-none-eabi/4.9.2\libgcc.a(_arm_addsubsf3.o)
                0x00190a34                __aeabi_frsub
                0x00190a3c                __subsf3
                0x00190a3c                __aeabi_fsub
                0x00190a40                __aeabi_fadd
                0x00190a40                __addsf3
                0x00190bfc                __aeabi_ui2f
                0x00190bfc                __floatunsisf
                0x00190c04                __aeabi_i2f
                0x00190c04                __floatsisf
                0x00190c24                __aeabi_ul2f
                0x00190c24                __floatundisf
                0x00190c34                __aeabi_l2f
                0x00190c34                __floatdisf
 .text          0x00190ce0      0x2f8 c:/devkitpro/devkitarm/bin/../lib/gcc/arm-none-eabi/4.9.2\libgcc.a(_arm_muldivsf3.o)
                0x00190ce0                __mulsf3
                0x00190ce0                __aeabi_fmul
                0x00190e78                __aeabi_fdiv
                0x00190e78                __divsf3
 .text          0x00190fd8      0x114 c:/devkitpro/devkitarm/bin/../lib/gcc/arm-none-eabi/4.9.2\libgcc.a(_arm_cmpsf2.o)
                0x00190fd8                __gesf2
                0x00190fd8                __gtsf2
                0x00190fe0                __lesf2
                0x00190fe0                __ltsf2
                0x00190fe8                __nesf2
                0x00190fe8                __eqsf2
                0x00190fe8                __cmpsf2
                0x0019104c                __aeabi_cfrcmple
                0x0019105c                __aeabi_cfcmpeq
                0x0019105c                __aeabi_cfcmple
                0x00191074                __aeabi_fcmpeq
                0x0019108c                __aeabi_fcmplt
                0x001910a4                __aeabi_fcmple
                0x001910bc                __aeabi_fcmpge
                0x001910d4                __aeabi_fcmpgt
 .text          0x001910ec       0x5c c:/devkitpro/devkitarm/bin/../lib/gcc/arm-none-eabi/4.9.2\libgcc.a(_arm_fixsfsi.o)
                0x001910ec                __aeabi_f2iz
                0x001910ec                __fixsfsi
 .text          0x00191148       0x54 c:/devkitpro/devkitarm/bin/../lib/gcc/arm-none-eabi/4.9.2\libgcc.a(_arm_fixunssfsi.o)
                0x00191148                __fixunssfsi
                0x00191148                __aeabi_f2uiz
 .text          0x0019119c       0x44 c:/devkitpro/devkitarm/bin/../lib/gcc/arm-none-eabi/4.9.2\libgcc.a(_aeabi_ldivmod.o)
                0x0019119c                __aeabi_ldivmod
 .text          0x001911e0       0x3c c:/devkitpro/devkitarm/bin/../lib/gcc/arm-none-eabi/4.9.2\libgcc.a(_aeabi_uldivmod.o)
                0x001911e0                __aeabi_uldivmod
 .text          0x0019121c       0x84 c:/devkitpro/devkitarm/bin/../lib/gcc/arm-none-eabi/4.9.2\libgcc.a(bpabi.o)
                0x0019121c                __gnu_ldivmod_helper
                0x00191260                __gnu_uldivmod_helper
 .text          0x001912a0      0x178 c:/devkitpro/devkitarm/bin/../lib/gcc/arm-none-eabi/4.9.2\libgcc.a(_divdi3.o)
                0x001912a0                __divdi3
 .text          0x00191418      0x120 c:/devkitpro/devkitarm/bin/../lib/gcc/arm-none-eabi/4.9.2\libgcc.a(_udivdi3.o)
                0x00191418                __udivdi3
 .text          0x00191538       0x28 c:/devkitpro/devkitarm/bin/../lib/gcc/arm-none-eabi/4.9.2\libgcc.a(_clzdi2.o)
                0x00191538                __clzdi2
 .text          0x00191560       0x48 c:/devkitpro/devkitarm/bin/../lib/gcc/arm-none-eabi/4.9.2\libgcc.a(_clzsi2.o)
                0x00191560                __clzsi2
 .text          0x001915a8       0x54 c:/devkitpro/devkitarm/bin/../lib/gcc/arm-none-eabi/4.9.2/../../../../arm-none-eabi/lib\libg.a(lib_a-access.o)
                0x001915a8                access
 .text          0x001915fc       0x68 c:/devkitpro/devkitarm/bin/../lib/gcc/arm-none-eabi/4.9.2/../../../../arm-none-eabi/lib\libg.a(lib_a-assert.o)
                0x001915fc                __assert_func
                0x00191654                __assert
 .text          0x00191664       0x20 c:/devkitpro/devkitarm/bin/../lib/gcc/arm-none-eabi/4.9.2/../../../../arm-none-eabi/lib\libg.a(lib_a-atexit.o)
                0x00191664                atexit
 .text          0x00191684       0x30 c:/devkitpro/devkitarm/bin/../lib/gcc/arm-none-eabi/4.9.2/../../../../arm-none-eabi/lib\libg.a(lib_a-atoi.o)
                0x00191684                atoi
                0x0019169c                _atoi_r
 .text          0x001916b4       0x18 c:/devkitpro/devkitarm/bin/../lib/gcc/arm-none-eabi/4.9.2/../../../../arm-none-eabi/lib\libg.a(lib_a-ctype_.o)
                0x001916b4                __set_ctype
 .text          0x001916cc       0x10 c:/devkitpro/devkitarm/bin/../lib/gcc/arm-none-eabi/4.9.2/../../../../arm-none-eabi/lib\libg.a(lib_a-errno.o)
                0x001916cc                __errno
 .text          0x001916dc       0x34 c:/devkitpro/devkitarm/bin/../lib/gcc/arm-none-eabi/4.9.2/../../../../arm-none-eabi/lib\libg.a(lib_a-exit.o)
                0x001916dc                exit
 .text          0x00191710      0x110 c:/devkitpro/devkitarm/bin/../lib/gcc/arm-none-eabi/4.9.2/../../../../arm-none-eabi/lib\libg.a(lib_a-fclose.o)
                0x00191710                _fclose_r
                0x0019180c                fclose
 .text          0x00191820      0x2d0 c:/devkitpro/devkitarm/bin/../lib/gcc/arm-none-eabi/4.9.2/../../../../arm-none-eabi/lib\libg.a(lib_a-fflush.o)
                0x00191820                __sflush_r
                0x00191a60                _fflush_r
                0x00191ab4                fflush
 .text          0x00191af0       0xd0 c:/devkitpro/devkitarm/bin/../lib/gcc/arm-none-eabi/4.9.2/../../../../arm-none-eabi/lib\libg.a(lib_a-fgetc.o)
                0x00191af0                _fgetc_r
                0x00191b50                fgetc
 .text          0x00191bc0      0x150 c:/devkitpro/devkitarm/bin/../lib/gcc/arm-none-eabi/4.9.2/../../../../arm-none-eabi/lib\libg.a(lib_a-fgets.o)
                0x00191bc0                _fgets_r
                0x00191ce8                fgets
 .text          0x00191d10      0x350 c:/devkitpro/devkitarm/bin/../lib/gcc/arm-none-eabi/4.9.2/../../../../arm-none-eabi/lib\libg.a(lib_a-findfp.o)
                0x00191d20                _cleanup_r
                0x00191e98                __sfmoreglue
                0x00191ee8                __sfp
                0x00191fd4                _cleanup
                0x00191ff8                __sinit
                0x00192008                __sfp_lock_acquire
                0x0019200c                __sfp_lock_release
                0x00192010                __sinit_lock_acquire
                0x00192014                __sinit_lock_release
                0x00192018                __fp_lock_all
                0x0019203c                __fp_unlock_all
 .text          0x00192060       0x48 c:/devkitpro/devkitarm/bin/../lib/gcc/arm-none-eabi/4.9.2/../../../../arm-none-eabi/lib\libg.a(lib_a-fini.o)
                0x00192060                __libc_fini_array
 .text          0x001920a8       0x70 c:/devkitpro/devkitarm/bin/../lib/gcc/arm-none-eabi/4.9.2/../../../../arm-none-eabi/lib\libg.a(lib_a-fiprintf.o)
                0x001920a8                _fiprintf_r
                0x001920d8                fiprintf
 .text          0x00192118      0x114 c:/devkitpro/devkitarm/bin/../lib/gcc/arm-none-eabi/4.9.2/../../../../arm-none-eabi/lib\libg.a(lib_a-fopen.o)
                0x00192118                _fopen_r
                0x00192214                fopen
 .text          0x0019222c       0x70 c:/devkitpro/devkitarm/bin/../lib/gcc/arm-none-eabi/4.9.2/../../../../arm-none-eabi/lib\libg.a(lib_a-fprintf.o)
                0x0019222c                _fprintf_r
                0x0019225c                fprintf
 .text          0x0019229c       0x84 c:/devkitpro/devkitarm/bin/../lib/gcc/arm-none-eabi/4.9.2/../../../../arm-none-eabi/lib\libg.a(lib_a-fputc.o)
                0x0019229c                _fputc_r
                0x001922d8                fputc
 .text          0x00192320      0x270 c:/devkitpro/devkitarm/bin/../lib/gcc/arm-none-eabi/4.9.2/../../../../arm-none-eabi/lib\libg.a(lib_a-fread.o)
                0x00192320                _fread_r
                0x00192550                fread
 .text          0x00192590      0x3bc c:/devkitpro/devkitarm/bin/../lib/gcc/arm-none-eabi/4.9.2/../../../../arm-none-eabi/lib\libg.a(lib_a-freer.o)
                0x00192590                _malloc_trim_r
                0x00192690                _free_r
 .text          0x0019294c       0x70 c:/devkitpro/devkitarm/bin/../lib/gcc/arm-none-eabi/4.9.2/../../../../arm-none-eabi/lib\libg.a(lib_a-fscanf.o)
                0x0019294c                fscanf
                0x0019298c                _fscanf_r
 .text          0x001929bc       0x3c c:/devkitpro/devkitarm/bin/../lib/gcc/arm-none-eabi/4.9.2/../../../../arm-none-eabi/lib\libg.a(lib_a-fseek.o)
                0x001929bc                _fseek_r
                0x001929cc                fseek
 .text          0x001929f8      0x4a8 c:/devkitpro/devkitarm/bin/../lib/gcc/arm-none-eabi/4.9.2/../../../../arm-none-eabi/lib\libg.a(lib_a-fseeko.o)
                0x001929f8                _fseeko_r
                0x00192e78                fseeko
 .text          0x00192ea0       0x30 c:/devkitpro/devkitarm/bin/../lib/gcc/arm-none-eabi/4.9.2/../../../../arm-none-eabi/lib\libg.a(lib_a-ftell.o)
                0x00192ea0                _ftell_r
                0x00192eb0                ftell
 .text          0x00192ed0       0xf0 c:/devkitpro/devkitarm/bin/../lib/gcc/arm-none-eabi/4.9.2/../../../../arm-none-eabi/lib\libg.a(lib_a-ftello.o)
                0x00192ed0                _ftello_r
                0x00192fac                ftello
 .text          0x00192fc0      0x110 c:/devkitpro/devkitarm/bin/../lib/gcc/arm-none-eabi/4.9.2/../../../../arm-none-eabi/lib\libg.a(lib_a-fwalk.o)
                0x00192fc0                _fwalk
                0x00193044                _fwalk_reent
 .text          0x001930d0       0xdc c:/devkitpro/devkitarm/bin/../lib/gcc/arm-none-eabi/4.9.2/../../../../arm-none-eabi/lib\libg.a(lib_a-fwrite.o)
                0x001930d0                _fwrite_r
                0x0019316c                fwrite
 .text          0x001931ac       0x50 c:/devkitpro/devkitarm/bin/../lib/gcc/arm-none-eabi/4.9.2/../../../../arm-none-eabi/lib\libg.a(lib_a-getenv.o)
                0x001931ac                _findenv
                0x001931d0                getenv
 .text          0x001931fc       0xec c:/devkitpro/devkitarm/bin/../lib/gcc/arm-none-eabi/4.9.2/../../../../arm-none-eabi/lib\libg.a(lib_a-getenv_r.o)
                0x001931fc                _findenv_r
                0x001932cc                _getenv_r
 .text          0x001932e8        0x0 c:/devkitpro/devkitarm/bin/../lib/gcc/arm-none-eabi/4.9.2/../../../../arm-none-eabi/lib\libg.a(lib_a-impure.o)
 .text          0x001932e8       0x80 c:/devkitpro/devkitarm/bin/../lib/gcc/arm-none-eabi/4.9.2/../../../../arm-none-eabi/lib\libg.a(lib_a-init.o)
                0x001932e8                __libc_init_array
 .text          0x00193368       0x74 c:/devkitpro/devkitarm/bin/../lib/gcc/arm-none-eabi/4.9.2/../../../../arm-none-eabi/lib\libg.a(lib_a-iprintf.o)
                0x00193368                iprintf
                0x001933a8                _iprintf_r
 .text          0x001933dc      0x168 c:/devkitpro/devkitarm/bin/../lib/gcc/arm-none-eabi/4.9.2/../../../../arm-none-eabi/lib\libg.a(lib_a-makebuf.o)
                0x001933dc                __smakebuf_r
 .text          0x00193544       0x40 c:/devkitpro/devkitarm/bin/../lib/gcc/arm-none-eabi/4.9.2/../../../../arm-none-eabi/lib\libg.a(lib_a-malloc.o)
                0x00193544                malloc
                0x00193564                free
 .text          0x00193584      0x724 c:/devkitpro/devkitarm/bin/../lib/gcc/arm-none-eabi/4.9.2/../../../../arm-none-eabi/lib\libg.a(lib_a-mallocr.o)
                0x00193584                _malloc_r
 .text          0x00193ca8      0x118 c:/devkitpro/devkitarm/bin/../lib/gcc/arm-none-eabi/4.9.2/../../../../arm-none-eabi/lib\libg.a(lib_a-memchr-stub.o)
                0x00193ca8                memchr
 .text          0x00193dc0       0xb0 c:/devkitpro/devkitarm/bin/../lib/gcc/arm-none-eabi/4.9.2/../../../../arm-none-eabi/lib\libg.a(lib_a-memcmp.o)
                0x00193dc0                memcmp
 .text          0x00193e70       0xf0 c:/devkitpro/devkitarm/bin/../lib/gcc/arm-none-eabi/4.9.2/../../../../arm-none-eabi/lib\libg.a(lib_a-memcpy-stub.o)
                0x00193e70                memcpy
 .text          0x00193f60      0x12c c:/devkitpro/devkitarm/bin/../lib/gcc/arm-none-eabi/4.9.2/../../../../arm-none-eabi/lib\libg.a(lib_a-memmove.o)
                0x00193f60                memmove
 .text          0x0019408c       0xf4 c:/devkitpro/devkitarm/bin/../lib/gcc/arm-none-eabi/4.9.2/../../../../arm-none-eabi/lib\libg.a(lib_a-memset.o)
                0x0019408c                memset
 .text          0x00194180        0x8 c:/devkitpro/devkitarm/bin/../lib/gcc/arm-none-eabi/4.9.2/../../../../arm-none-eabi/lib\libg.a(lib_a-mlock.o)
                0x00194180                __malloc_lock
                0x00194184                __malloc_unlock
 .text          0x00194188       0x74 c:/devkitpro/devkitarm/bin/../lib/gcc/arm-none-eabi/4.9.2/../../../../arm-none-eabi/lib\libg.a(lib_a-printf.o)
                0x00194188                _printf_r
                0x001941bc                printf
 .text          0x001941fc      0x158 c:/devkitpro/devkitarm/bin/../lib/gcc/arm-none-eabi/4.9.2/../../../../arm-none-eabi/lib\libg.a(lib_a-putc.o)
                0x001941fc                _putc_r
                0x001942a0                putc
 .text          0x00194354       0xa8 c:/devkitpro/devkitarm/bin/../lib/gcc/arm-none-eabi/4.9.2/../../../../arm-none-eabi/lib\libg.a(lib_a-puts.o)
                0x00194354                _puts_r
                0x001943e8                puts
 .text          0x001943fc       0x70 c:/devkitpro/devkitarm/bin/../lib/gcc/arm-none-eabi/4.9.2/../../../../arm-none-eabi/lib\libg.a(lib_a-rand.o)
                0x001943fc                srand
                0x00194418                rand
 .text          0x0019446c       0x24 c:/devkitpro/devkitarm/bin/../lib/gcc/arm-none-eabi/4.9.2/../../../../arm-none-eabi/lib\libg.a(lib_a-realloc.o)
                0x0019446c                realloc
 .text          0x00194490      0x4dc c:/devkitpro/devkitarm/bin/../lib/gcc/arm-none-eabi/4.9.2/../../../../arm-none-eabi/lib\libg.a(lib_a-reallocr.o)
                0x00194490                _realloc_r
 .text          0x0019496c      0x20c c:/devkitpro/devkitarm/bin/../lib/gcc/arm-none-eabi/4.9.2/../../../../arm-none-eabi/lib\libg.a(lib_a-refill.o)
                0x00194998                __srefill_r
 .text          0x00194b78       0x50 c:/devkitpro/devkitarm/bin/../lib/gcc/arm-none-eabi/4.9.2/../../../../arm-none-eabi/lib\libg.a(lib_a-remove.o)
                0x00194b78                _remove_r
                0x00194b98                remove
 .text          0x00194bc8       0x68 c:/devkitpro/devkitarm/bin/../lib/gcc/arm-none-eabi/4.9.2/../../../../arm-none-eabi/lib\libg.a(lib_a-rget.o)
                0x00194bc8                __srget_r
                0x00194c1c                __srget
 .text          0x00194c30       0x20 c:/devkitpro/devkitarm/bin/../lib/gcc/arm-none-eabi/4.9.2/../../../../arm-none-eabi/lib\libg.a(lib_a-setbuf.o)
                0x00194c30                setbuf
 .text          0x00194c50      0x174 c:/devkitpro/devkitarm/bin/../lib/gcc/arm-none-eabi/4.9.2/../../../../arm-none-eabi/lib\libg.a(lib_a-setvbuf.o)
                0x00194c50                setvbuf
 .text          0x00194dc4       0xdc c:/devkitpro/devkitarm/bin/../lib/gcc/arm-none-eabi/4.9.2/../../../../arm-none-eabi/lib\libg.a(lib_a-sprintf.o)
                0x00194dc4                _sprintf_r
                0x00194e2c                sprintf
 .text          0x00194ea0      0x100 c:/devkitpro/devkitarm/bin/../lib/gcc/arm-none-eabi/4.9.2/../../../../arm-none-eabi/lib\libg.a(lib_a-sscanf.o)
                0x00194ea0                sscanf
                0x00194f20                _sscanf_r
 .text          0x00194fa0       0xd8 c:/devkitpro/devkitarm/bin/../lib/gcc/arm-none-eabi/4.9.2/../../../../arm-none-eabi/lib\libg.a(lib_a-stdio.o)
                0x00194fa0                __sread
                0x00194fd4                __seofread
                0x00194fdc                __swrite
                0x00195034                __sseek
                0x00195064                __sclose
 .text          0x00195078       0x6c c:/devkitpro/devkitarm/bin/../lib/gcc/arm-none-eabi/4.9.2/../../../../arm-none-eabi/lib\libg.a(lib_a-strcasecmp.o)
                0x00195078                strcasecmp
 .text          0x001950e4       0x84 c:/devkitpro/devkitarm/bin/../lib/gcc/arm-none-eabi/4.9.2/../../../../arm-none-eabi/lib\libg.a(lib_a-strcat.o)
                0x001950e4                strcat
 .text          0x00195168      0x160 c:/devkitpro/devkitarm/bin/../lib/gcc/arm-none-eabi/4.9.2/../../../../arm-none-eabi/lib\libg.a(lib_a-strchr.o)
                0x00195168                strchr
 .text          0x001952c8      0x230 c:/devkitpro/devkitarm/bin/../lib/gcc/arm-none-eabi/4.9.2/../../../../arm-none-eabi/lib\libg.a(lib_a-strcmp.o)
                0x001952c8                strcmp
 .text          0x001954f8       0xf0 c:/devkitpro/devkitarm/bin/../lib/gcc/arm-none-eabi/4.9.2/../../../../arm-none-eabi/lib\libg.a(lib_a-strcpy.o)
                0x001954f8                strcpy
 .text          0x001955e8      0x614 c:/devkitpro/devkitarm/bin/../lib/gcc/arm-none-eabi/4.9.2/../../../../arm-none-eabi/lib\libg.a(lib_a-strerror.o)
                0x001955e8                _strerror_r
                0x00195be0                strerror
 .text          0x00195bfc       0x60 c:/devkitpro/devkitarm/bin/../lib/gcc/arm-none-eabi/4.9.2/../../../../arm-none-eabi/lib\libg.a(lib_a-strlen.o)
                0x00195bfc                strlen
 .text          0x00195c5c       0x44 c:/devkitpro/devkitarm/bin/../lib/gcc/arm-none-eabi/4.9.2/../../../../arm-none-eabi/lib\libg.a(lib_a-strlwr.o)
                0x00195c5c                strlwr
 .text          0x00195ca0       0x94 c:/devkitpro/devkitarm/bin/../lib/gcc/arm-none-eabi/4.9.2/../../../../arm-none-eabi/lib\libg.a(lib_a-strncasecmp.o)
                0x00195ca0                strncasecmp
 .text          0x00195d34      0x118 c:/devkitpro/devkitarm/bin/../lib/gcc/arm-none-eabi/4.9.2/../../../../arm-none-eabi/lib\libg.a(lib_a-strncmp.o)
                0x00195d34                strncmp
 .text          0x00195e4c       0xe4 c:/devkitpro/devkitarm/bin/../lib/gcc/arm-none-eabi/4.9.2/../../../../arm-none-eabi/lib\libg.a(lib_a-strncpy.o)
                0x00195e4c                strncpy
 .text          0x00195f30       0x24 c:/devkitpro/devkitarm/bin/../lib/gcc/arm-none-eabi/4.9.2/../../../../arm-none-eabi/lib\libg.a(lib_a-strtok.o)
                0x00195f30                strtok
 .text          0x00195f54       0xc8 c:/devkitpro/devkitarm/bin/../lib/gcc/arm-none-eabi/4.9.2/../../../../arm-none-eabi/lib\libg.a(lib_a-strtok_r.o)
                0x00195f54                __strtok_r
                0x00196014                strtok_r
 .text          0x0019601c      0x204 c:/devkitpro/devkitarm/bin/../lib/gcc/arm-none-eabi/4.9.2/../../../../arm-none-eabi/lib\libg.a(lib_a-strtol.o)
                0x0019601c                _strtol_r
                0x001961f8                strtol
 .text          0x00196220     0x4cbc c:/devkitpro/devkitarm/bin/../lib/gcc/arm-none-eabi/4.9.2/../../../../arm-none-eabi/lib\libg.a(lib_a-svfprintf.o)
                0x00196a80                _svfprintf_r
 .text          0x0019aedc     0x2af4 c:/devkitpro/devkitarm/bin/../lib/gcc/arm-none-eabi/4.9.2/../../../../arm-none-eabi/lib\libg.a(lib_a-svfscanf.o)
                0x0019aedc                __ssvfscanf_r
 .text          0x0019d9d0       0x24 c:/devkitpro/devkitarm/bin/../lib/gcc/arm-none-eabi/4.9.2/../../../../arm-none-eabi/lib\libg.a(lib_a-sysfstat.o)
                0x0019d9d0                fstat
 .text          0x0019d9f4       0x20 c:/devkitpro/devkitarm/bin/../lib/gcc/arm-none-eabi/4.9.2/../../../../arm-none-eabi/lib\libg.a(lib_a-sysisatty.o)
                0x0019d9f4                isatty
 .text          0x0019da14       0x24 c:/devkitpro/devkitarm/bin/../lib/gcc/arm-none-eabi/4.9.2/../../../../arm-none-eabi/lib\libg.a(lib_a-sysstat.o)
                0x0019da14                stat
 .text          0x0019da38        0x8 c:/devkitpro/devkitarm/bin/../lib/gcc/arm-none-eabi/4.9.2/../../../../arm-none-eabi/lib\libg.a(lib_a-u_strerr.o)
                0x0019da38                _user_strerror
 .text          0x0019da40     0x3c00 c:/devkitpro/devkitarm/bin/../lib/gcc/arm-none-eabi/4.9.2/../../../../arm-none-eabi/lib\libg.a(lib_a-vfiprintf.o)
                0x0019e34c                __sprint_r
                0x0019e364                _vfiprintf_r
                0x001a156c                vfiprintf
 .text          0x001a1640     0x4db8 c:/devkitpro/devkitarm/bin/../lib/gcc/arm-none-eabi/4.9.2/../../../../arm-none-eabi/lib\libg.a(lib_a-vfprintf.o)
                0x001a1ea0                _vfprintf_r
                0x001a6324                vfprintf
 .text          0x001a63f8     0x2ba0 c:/devkitpro/devkitarm/bin/../lib/gcc/arm-none-eabi/4.9.2/../../../../arm-none-eabi/lib\libg.a(lib_a-vfscanf.o)
                0x001a63f8                __svfscanf_r
                0x001a8eec                vfscanf
                0x001a8f38                __svfscanf
                0x001a8f60                _vfscanf_r
 .text          0x001a8f98       0xf8 c:/devkitpro/devkitarm/bin/../lib/gcc/arm-none-eabi/4.9.2/../../../../arm-none-eabi/lib\libg.a(lib_a-vsnprintf.o)
                0x001a8f98                _vsnprintf_r
                0x001a9050                vsnprintf
 .text          0x001a9090      0x140 c:/devkitpro/devkitarm/bin/../lib/gcc/arm-none-eabi/4.9.2/../../../../arm-none-eabi/lib\libg.a(lib_a-wbuf.o)
                0x001a9090                __swbuf_r
                0x001a91b8                __swbuf
 .text          0x001a91d0      0x138 c:/devkitpro/devkitarm/bin/../lib/gcc/arm-none-eabi/4.9.2/../../../../arm-none-eabi/lib\libg.a(lib_a-wcrtomb.o)
                0x001a91d0                _wcrtomb_r
                0x001a9268                wcrtomb
 .text          0x001a9308       0x60 c:/devkitpro/devkitarm/bin/../lib/gcc/arm-none-eabi/4.9.2/../../../../arm-none-eabi/lib\libg.a(lib_a-wcsrtombs.o)
                0x001a9308                _wcsrtombs_r
                0x001a932c                wcsrtombs
 .text          0x001a9368      0x3cc c:/devkitpro/devkitarm/bin/../lib/gcc/arm-none-eabi/4.9.2/../../../../arm-none-eabi/lib\libg.a(lib_a-wctomb_r.o)
                0x001a9368                __utf8_wctomb
                0x001a947c                _wctomb_r
                0x001a94cc                __ascii_wctomb
                0x001a94f4                __sjis_wctomb
                0x001a9580                __eucjp_wctomb
                0x001a9654                __jis_wctomb
 .text          0x001a9734      0x160 c:/devkitpro/devkitarm/bin/../lib/gcc/arm-none-eabi/4.9.2/../../../../arm-none-eabi/lib\libg.a(lib_a-wsetup.o)
                0x001a9734                __swsetup_r
 .text          0x001a9894       0x14 c:/devkitpro/devkitarm/bin/../lib/gcc/arm-none-eabi/4.9.2/../../../../arm-none-eabi/lib\libg.a(lib_a-abort.o)
                0x001a9894                abort
 .text          0x001a98a8       0xe0 c:/devkitpro/devkitarm/bin/../lib/gcc/arm-none-eabi/4.9.2/../../../../arm-none-eabi/lib\libg.a(lib_a-__atexit.o)
                0x001a98a8                __register_exitproc
 .text          0x001a9988      0x16c c:/devkitpro/devkitarm/bin/../lib/gcc/arm-none-eabi/4.9.2/../../../../arm-none-eabi/lib\libg.a(lib_a-__call_atexit.o)
                0x001a9988                __call_exitprocs
 *fill*         0x001a9af4        0x4 
 .text          0x001a9af8     0x1878 c:/devkitpro/devkitarm/bin/../lib/gcc/arm-none-eabi/4.9.2/../../../../arm-none-eabi/lib\libg.a(lib_a-dtoa.o)
                0x001a9cd0                _dtoa_r
 .text          0x001ab370        0x0 c:/devkitpro/devkitarm/bin/../lib/gcc/arm-none-eabi/4.9.2/../../../../arm-none-eabi/lib\libg.a(lib_a-environ.o)
 .text          0x001ab370        0x8 c:/devkitpro/devkitarm/bin/../lib/gcc/arm-none-eabi/4.9.2/../../../../arm-none-eabi/lib\libg.a(lib_a-envlock.o)
                0x001ab370                __env_lock
                0x001ab374                __env_unlock
 .text          0x001ab378       0xb8 c:/devkitpro/devkitarm/bin/../lib/gcc/arm-none-eabi/4.9.2/../../../../arm-none-eabi/lib\libg.a(lib_a-flags.o)
                0x001ab378                __sflags
 .text          0x001ab430      0x190 c:/devkitpro/devkitarm/bin/../lib/gcc/arm-none-eabi/4.9.2/../../../../arm-none-eabi/lib\libg.a(lib_a-fputwc.o)
                0x001ab430                _fputwc_r
                0x001ab57c                fputwc
 .text          0x001ab5c0      0x4ec c:/devkitpro/devkitarm/bin/../lib/gcc/arm-none-eabi/4.9.2/../../../../arm-none-eabi/lib\libg.a(lib_a-fvwrite.o)